ERROR - 2026-06-09 02:01:37 --> mysqli_sql_exception: Table 'kl_mawon3.profiles' doesn't exist in engine in C:\xampp\htdocs\klinik_mawon\system\Database\MySQLi\Connection.php:327
Stack trace:
#0 C:\xampp\htdocs\klinik_mawon\system\Database\MySQLi\Connection.php(327): mysqli->query('INSERT INTO `pr...', 0)
#1 C:\xampp\htdocs\klinik_mawon\system\Database\BaseConnection.php(729): CodeIgniter\Database\MySQLi\Connection->execute('INSERT INTO `pr...')
#2 C:\xampp\htdocs\klinik_mawon\system\Database\BaseConnection.php(646): CodeIgniter\Database\BaseConnection->simpleQuery('INSERT INTO `pr...')
#3 C:\xampp\htdocs\klinik_mawon\system\Database\BaseBuilder.php(2345): CodeIgniter\Database\BaseConnection->query('INSERT INTO `pr...', Array, false)
#4 C:\xampp\htdocs\klinik_mawon\system\Model.php(394): CodeIgniter\Database\BaseBuilder->insert()
#5 C:\xampp\htdocs\klinik_mawon\system\BaseModel.php(838): CodeIgniter\Model->doInsert(Array)
#6 C:\xampp\htdocs\klinik_mawon\system\Model.php(797): CodeIgniter\BaseModel->insert(Array, true)
#7 C:\xampp\htdocs\klinik_mawon\app\Controllers\Api\AuthController.php(136): CodeIgniter\Model->insert(Array)
#8 C:\xampp\htdocs\klinik_mawon\app\Controllers\Api\AuthController.php(65): App\Controllers\Api\AuthController->saveOptionalProfile(6, Array)
#9 C:\xampp\htdocs\klinik_mawon\system\CodeIgniter.php(933): App\Controllers\Api\AuthController->register()
#10 C:\xampp\htdocs\klinik_mawon\system\CodeIgniter.php(507): CodeIgniter\CodeIgniter->runController(Object(App\Controllers\Api\AuthController))
#11 C:\xampp\htdocs\klinik_mawon\system\CodeIgniter.php(354): CodeIgniter\CodeIgniter->handleRequest(NULL, Object(Config\Cache), false)
#12 C:\xampp\htdocs\klinik_mawon\system\Boot.php(363): CodeIgniter\CodeIgniter->run()
#13 C:\xampp\htdocs\klinik_mawon\system\Boot.php(68): CodeIgniter\Boot::runCodeIgniter(Object(CodeIgniter\CodeIgniter))
#14 C:\xampp\htdocs\klinik_mawon\public\index.php(59): CodeIgniter\Boot::bootWeb(Object(Config\Paths))
#15 C:\xampp\htdocs\klinik_mawon\system\rewrite.php(44): require_once('C:\\xampp\\htdocs...')
#16 {main}
ERROR - 2026-06-09 02:01:37 --> mysqli_sql_exception: Table 'kl_mawon3.profiles' doesn't exist in engine in C:\xampp\htdocs\klinik_mawon\system\Database\MySQLi\Connection.php:327
Stack trace:
#0 C:\xampp\htdocs\klinik_mawon\system\Database\MySQLi\Connection.php(327): mysqli->query('SELECT *\nFROM `...', 0)
#1 C:\xampp\htdocs\klinik_mawon\system\Database\BaseConnection.php(729): CodeIgniter\Database\MySQLi\Connection->execute('SELECT *\nFROM `...')
#2 C:\xampp\htdocs\klinik_mawon\system\Database\BaseConnection.php(646): CodeIgniter\Database\BaseConnection->simpleQuery('SELECT *\nFROM `...')
#3 C:\xampp\htdocs\klinik_mawon\system\Database\BaseBuilder.php(1649): CodeIgniter\Database\BaseConnection->query('SELECT *\nFROM `...', Array, false)
#4 C:\xampp\htdocs\klinik_mawon\system\Model.php(330): CodeIgniter\Database\BaseBuilder->get()
#5 C:\xampp\htdocs\klinik_mawon\system\BaseModel.php(715): CodeIgniter\Model->doFirst()
#6 C:\xampp\htdocs\klinik_mawon\app\Controllers\Api\AuthController.php(164): CodeIgniter\BaseModel->first()
#7 C:\xampp\htdocs\klinik_mawon\app\Controllers\Api\AuthController.php(76): App\Controllers\Api\AuthController->publicUserWithProfile(Object(App\Entities\User))
#8 C:\xampp\htdocs\klinik_mawon\system\CodeIgniter.php(933): App\Controllers\Api\AuthController->register()
#9 C:\xampp\htdocs\klinik_mawon\system\CodeIgniter.php(507): CodeIgniter\CodeIgniter->runController(Object(App\Controllers\Api\AuthController))
#10 C:\xampp\htdocs\klinik_mawon\system\CodeIgniter.php(354): CodeIgniter\CodeIgniter->handleRequest(NULL, Object(Config\Cache), false)
#11 C:\xampp\htdocs\klinik_mawon\system\Boot.php(363): CodeIgniter\CodeIgniter->run()
#12 C:\xampp\htdocs\klinik_mawon\system\Boot.php(68): CodeIgniter\Boot::runCodeIgniter(Object(CodeIgniter\CodeIgniter))
#13 C:\xampp\htdocs\klinik_mawon\public\index.php(59): CodeIgniter\Boot::bootWeb(Object(Config\Paths))
#14 C:\xampp\htdocs\klinik_mawon\system\rewrite.php(44): require_once('C:\\xampp\\htdocs...')
#15 {main}
ERROR - 2026-06-09 02:15:10 --> mysqli_sql_exception: Table 'kl_mawon3.profiles' doesn't exist in engine in C:\xampp\htdocs\klinik_mawon\system\Database\MySQLi\Connection.php:327
Stack trace:
#0 C:\xampp\htdocs\klinik_mawon\system\Database\MySQLi\Connection.php(327): mysqli->query('INSERT INTO `pr...', 0)
#1 C:\xampp\htdocs\klinik_mawon\system\Database\BaseConnection.php(729): CodeIgniter\Database\MySQLi\Connection->execute('INSERT INTO `pr...')
#2 C:\xampp\htdocs\klinik_mawon\system\Database\BaseConnection.php(646): CodeIgniter\Database\BaseConnection->simpleQuery('INSERT INTO `pr...')
#3 C:\xampp\htdocs\klinik_mawon\system\Database\BaseBuilder.php(2345): CodeIgniter\Database\BaseConnection->query('INSERT INTO `pr...', Array, false)
#4 C:\xampp\htdocs\klinik_mawon\system\Model.php(394): CodeIgniter\Database\BaseBuilder->insert()
#5 C:\xampp\htdocs\klinik_mawon\system\BaseModel.php(838): CodeIgniter\Model->doInsert(Array)
#6 C:\xampp\htdocs\klinik_mawon\system\Model.php(797): CodeIgniter\BaseModel->insert(Array, true)
#7 C:\xampp\htdocs\klinik_mawon\app\Controllers\Api\AuthController.php(136): CodeIgniter\Model->insert(Array)
#8 C:\xampp\htdocs\klinik_mawon\app\Controllers\Api\AuthController.php(65): App\Controllers\Api\AuthController->saveOptionalProfile(7, Array)
#9 C:\xampp\htdocs\klinik_mawon\system\CodeIgniter.php(933): App\Controllers\Api\AuthController->register()
#10 C:\xampp\htdocs\klinik_mawon\system\CodeIgniter.php(507): CodeIgniter\CodeIgniter->runController(Object(App\Controllers\Api\AuthController))
#11 C:\xampp\htdocs\klinik_mawon\system\CodeIgniter.php(354): CodeIgniter\CodeIgniter->handleRequest(NULL, Object(Config\Cache), false)
#12 C:\xampp\htdocs\klinik_mawon\system\Boot.php(363): CodeIgniter\CodeIgniter->run()
#13 C:\xampp\htdocs\klinik_mawon\system\Boot.php(68): CodeIgniter\Boot::runCodeIgniter(Object(CodeIgniter\CodeIgniter))
#14 C:\xampp\htdocs\klinik_mawon\public\index.php(59): CodeIgniter\Boot::bootWeb(Object(Config\Paths))
#15 C:\xampp\htdocs\klinik_mawon\system\rewrite.php(44): require_once('C:\\xampp\\htdocs...')
#16 {main}
ERROR - 2026-06-09 02:15:10 --> mysqli_sql_exception: Table 'kl_mawon3.profiles' doesn't exist in engine in C:\xampp\htdocs\klinik_mawon\system\Database\MySQLi\Connection.php:327
Stack trace:
#0 C:\xampp\htdocs\klinik_mawon\system\Database\MySQLi\Connection.php(327): mysqli->query('SELECT *\nFROM `...', 0)
#1 C:\xampp\htdocs\klinik_mawon\system\Database\BaseConnection.php(729): CodeIgniter\Database\MySQLi\Connection->execute('SELECT *\nFROM `...')
#2 C:\xampp\htdocs\klinik_mawon\system\Database\BaseConnection.php(646): CodeIgniter\Database\BaseConnection->simpleQuery('SELECT *\nFROM `...')
#3 C:\xampp\htdocs\klinik_mawon\system\Database\BaseBuilder.php(1649): CodeIgniter\Database\BaseConnection->query('SELECT *\nFROM `...', Array, false)
#4 C:\xampp\htdocs\klinik_mawon\system\Model.php(330): CodeIgniter\Database\BaseBuilder->get()
#5 C:\xampp\htdocs\klinik_mawon\system\BaseModel.php(715): CodeIgniter\Model->doFirst()
#6 C:\xampp\htdocs\klinik_mawon\app\Controllers\Api\AuthController.php(164): CodeIgniter\BaseModel->first()
#7 C:\xampp\htdocs\klinik_mawon\app\Controllers\Api\AuthController.php(76): App\Controllers\Api\AuthController->publicUserWithProfile(Object(App\Entities\User))
#8 C:\xampp\htdocs\klinik_mawon\system\CodeIgniter.php(933): App\Controllers\Api\AuthController->register()
#9 C:\xampp\htdocs\klinik_mawon\system\CodeIgniter.php(507): CodeIgniter\CodeIgniter->runController(Object(App\Controllers\Api\AuthController))
#10 C:\xampp\htdocs\klinik_mawon\system\CodeIgniter.php(354): CodeIgniter\CodeIgniter->handleRequest(NULL, Object(Config\Cache), false)
#11 C:\xampp\htdocs\klinik_mawon\system\Boot.php(363): CodeIgniter\CodeIgniter->run()
#12 C:\xampp\htdocs\klinik_mawon\system\Boot.php(68): CodeIgniter\Boot::runCodeIgniter(Object(CodeIgniter\CodeIgniter))
#13 C:\xampp\htdocs\klinik_mawon\public\index.php(59): CodeIgniter\Boot::bootWeb(Object(Config\Paths))
#14 C:\xampp\htdocs\klinik_mawon\system\rewrite.php(44): require_once('C:\\xampp\\htdocs...')
#15 {main}
ERROR - 2026-06-09 02:20:06 --> mysqli_sql_exception: Table 'kl_mawon3.profiles' doesn't exist in engine in C:\xampp\htdocs\klinik_mawon\system\Database\MySQLi\Connection.php:327
Stack trace:
#0 C:\xampp\htdocs\klinik_mawon\system\Database\MySQLi\Connection.php(327): mysqli->query('SELECT *\nFROM `...', 0)
#1 C:\xampp\htdocs\klinik_mawon\system\Database\BaseConnection.php(729): CodeIgniter\Database\MySQLi\Connection->execute('SELECT *\nFROM `...')
#2 C:\xampp\htdocs\klinik_mawon\system\Database\BaseConnection.php(646): CodeIgniter\Database\BaseConnection->simpleQuery('SELECT *\nFROM `...')
#3 C:\xampp\htdocs\klinik_mawon\system\Database\BaseBuilder.php(1649): CodeIgniter\Database\BaseConnection->query('SELECT *\nFROM `...', Array, false)
#4 C:\xampp\htdocs\klinik_mawon\system\Model.php(330): CodeIgniter\Database\BaseBuilder->get()
#5 C:\xampp\htdocs\klinik_mawon\system\BaseModel.php(715): CodeIgniter\Model->doFirst()
#6 C:\xampp\htdocs\klinik_mawon\app\Controllers\Api\AuthController.php(164): CodeIgniter\BaseModel->first()
#7 C:\xampp\htdocs\klinik_mawon\app\Controllers\Api\AuthController.php(110): App\Controllers\Api\AuthController->publicUserWithProfile(Object(App\Entities\User))
#8 C:\xampp\htdocs\klinik_mawon\system\CodeIgniter.php(933): App\Controllers\Api\AuthController->login()
#9 C:\xampp\htdocs\klinik_mawon\system\CodeIgniter.php(507): CodeIgniter\CodeIgniter->runController(Object(App\Controllers\Api\AuthController))
#10 C:\xampp\htdocs\klinik_mawon\system\CodeIgniter.php(354): CodeIgniter\CodeIgniter->handleRequest(NULL, Object(Config\Cache), false)
#11 C:\xampp\htdocs\klinik_mawon\system\Boot.php(363): CodeIgniter\CodeIgniter->run()
#12 C:\xampp\htdocs\klinik_mawon\system\Boot.php(68): CodeIgniter\Boot::runCodeIgniter(Object(CodeIgniter\CodeIgniter))
#13 C:\xampp\htdocs\klinik_mawon\public\index.php(59): CodeIgniter\Boot::bootWeb(Object(Config\Paths))
#14 C:\xampp\htdocs\klinik_mawon\system\rewrite.php(44): require_once('C:\\xampp\\htdocs...')
#15 {main}
